// 同步 ID: 98c1d0b1 @ Wed Jul 22 04:24:59 UTC 2026
// 同步 ID: 8139b626 @ Wed Jul 22 07:02:27 UTC 2026
// 同步 ID: b3aacb08 @ Wed Jul 22 10:05:16 UTC 2026
// 同步 ID: 38543d2f @ Wed Jul 22 12:29:46 UTC 2026
// 重构日志: 398e833f
// 重构日志: d8b9ac6c
// 重构日志: 94e6cb82
// 同步 ID: 8f6fff32 @ Mon Jul 27 15:49:48 UTC 2026
// 同步 ID: 7700c0f3 @ Wed Jul 29 12:29:41 UTC 2026
// 重构日志: cbdc7208
// 同步 ID: 898758cb @ Wed Jul 29 17:41:44 UTC 2026
// 重构日志: 22a012da
// 同步 ID: 0b25c69d @ Thu Jul 30 10:26:36 UTC 2026
// 重构日志: 43491e81
// 重构日志: 02567720
// 同步 ID: b4d7afb0 @ Fri Jul 31 14:43:27 UTC 2026
// 重构日志: af6d8f01
// 重构日志: ffbfaa39
// 同步 ID: 98e8293a @ Sun Aug  2 00:44:31 UTC 2026
// 同步 ID: afcec070 @ Sun Aug  2 17:46:55 UTC 2026
// 重构日志: 479ad442
// 重构日志: 85bd1281
// 重构日志: d14654b7
// 同步 ID: 88497ce5 @ Thu Aug  6 04:29:53 UTC 2026
// 重构日志: bccf7d62
// 重构日志: faa2dad8
// 重构日志: ef965295
// 重构日志: 8c9d4cb9
// 重构日志: c33ffa23
// 同步 ID: f7a59e54 @ Fri Aug  7 18:24:03 UTC 2026
